アプリケーション開始エラー:
'AoiRepository' object has no attribute 'safe_update_sqlite_status'

Traceback (most recent call last):
  File "C:\Users\kentaroyoshida\vscode\app\aoi_defect_history\src\repository\AoiRepository.py", line 90, in create_sqlite_db
    self.safe_update_sqlite_status(db_connected, db_type)
    ^^^^^^^^^^^^^^^^^^^^^^^^^^^^^^
AttributeError: 'AoiRepository' object has no attribute 'safe_update_sqlite_status'

During handling of the above exception, another exception occurred:

Traceback (most recent call last):
  File "C:\Users\kentaroyoshida\vscode\app\aoi_defect_history\main.py", line 26, in main
    app = AOIView(fillColor="red")
          ^^^^^^^^^^^^^^^^^^^^^^^^
  File "C:\Users\kentaroyoshida\vscode\app\aoi_defect_history\src\aoi_view.py", line 85, in __init__
    self.repository = AoiRepository(
                      ^^^^^^^^^^^^^^
  File "C:\Users\kentaroyoshida\vscode\app\aoi_defect_history\src\repository\AoiRepository.py", line 43, in __init__
    self.create_sqlite_db()
  File "C:\Users\kentaroyoshida\vscode\app\aoi_defect_history\src\repository\AoiRepository.py", line 93, in create_sqlite_db
    self.safe_update_sqlite_status(False, db_type)
    ^^^^^^^^^^^^^^^^^^^^^^^^^^^^^^
AttributeError: 'AoiRepository' object has no attribute 'safe_update_sqlite_status'
